{
  "result": [
    {
      "message": "Expected \"{\" but \"=\" found.",
      "expected": [{ "type": "literal", "text": "{", "ignoreCase": false }],
      "found": "=",
      "location": {
        "start": { "offset": 24, "line": 2, "column": 11 },
        "end": { "offset": 25, "line": 2, "column": 12 }
      },
      "name": "SyntaxError"
    }
  ],
  "start": 2,
  "end": 3,
  "text": "::Q1:: 1+1=2 {T}",
  "type": "error"
}
