{
  "result": [
    null,
    [
      {
        "message": "Expected \"{\" but \"=\" found.",
        "expected": [{ "type": "literal", "text": "{", "ignoreCase": false }],
        "found": "=",
        "location": {
          "start": { "offset": 27, "line": 2, "column": 11 },
          "end": { "offset": 28, "line": 2, "column": 12 }
        },
        "name": "SyntaxError"
      }
    ]
  ],
  "location": { "start": 2, "end": 3, "text": "::Q1:: 1+1=2 {T}" }
}
